// Jest Snapshot v1, https://goo.gl/fbAQLP

exports[`Pruebas en CounterApp prueba con snapshot 1`] = `
<Fragment>
  <h1>
    CountApp
  </h1>
  <p>
    100
  </p>
  <button
    onClick={[Function]}
  >
    +1
  </button>
  <button
    onClick={[Function]}
  >
    Reset
  </button>
  <button
    onClick={[Function]}
  >
    -1
  </button>
</Fragment>
`;
